2022-04-19 14:36:47,299 : Connecting...
2022-04-19 14:36:47,395 : Sent: Yes
2022-04-19 14:36:47,475 : Recieved: Ready
2022-04-19 14:36:47,485 : Connected! (1 attempt(s))
2022-04-19 14:36:47,660 : Sent: E0.0
2022-04-19 14:36:47,711 : Sent: DM-1
2022-04-19 14:36:47,818 : Sent: DE1
2022-04-19 14:36:47,820 : Sent: kP1.0
2022-04-19 14:36:47,823 : Sent: kI0.0
2022-04-19 14:36:47,825 : Sent: kD0.0
2022-04-19 14:36:47,841 : Sent: Sync
2022-04-19 14:36:47,920 : Recieved: Ready
2022-04-19 14:36:52,916 : Sent: Sync
2022-04-19 14:36:53,018 : Recieved: Ready
2022-04-19 14:36:58,048 : Sent: Sync
2022-04-19 14:36:58,130 : Recieved: Ready
2022-04-19 14:37:03,152 : Sent: Sync
2022-04-19 14:37:03,261 : Recieved: Ready
2022-04-19 14:37:08,197 : Sent: Sync
2022-04-19 14:37:08,282 : Recieved: Ready
2022-04-19 14:37:13,236 : Sent: Sync
2022-04-19 14:37:13,277 : Recieved: Ready
2022-04-19 14:37:18,286 : Sent: Sync
2022-04-19 14:37:18,391 : Recieved: Ready
2022-04-19 14:37:23,317 : Sent: Sync
2022-04-19 14:37:23,398 : Recieved: Ready
2022-04-19 14:37:28,357 : Sent: Sync
2022-04-19 14:37:28,366 : Recieved: Ready
2022-04-19 14:37:33,480 : Sent: Sync
2022-04-19 14:37:33,580 : Recieved: Ready
2022-04-19 14:37:38,507 : Sent: Sync
2022-04-19 14:37:38,546 : Recieved: Ready
2022-04-19 14:37:43,572 : Sent: Sync
2022-04-19 14:37:43,589 : Recieved: Ready
2022-04-19 14:37:48,590 : Sent: Sync
2022-04-19 14:37:48,732 : Recieved: Ready
2022-04-19 14:37:53,771 : Sent: Sync
2022-04-19 14:37:53,806 : Recieved: Ready
2022-04-19 14:37:58,848 : Sent: Sync
2022-04-19 14:37:58,930 : Recieved: Ready
2022-04-19 14:38:03,914 : Sent: Sync
2022-04-19 14:38:03,982 : Recieved: Ready
2022-04-19 14:38:09,002 : Sent: Sync
2022-04-19 14:38:09,120 : Recieved: Ready
2022-04-19 14:38:14,167 : Sent: Sync
2022-04-19 14:38:14,257 : Recieved: Ready
2022-04-19 14:38:19,404 : Sent: Sync
2022-04-19 14:38:19,491 : Recieved: Ready
2022-04-19 14:38:24,482 : Sent: Sync
2022-04-19 14:38:24,623 : Recieved: Ready
2022-04-19 14:38:29,566 : Sent: Sync
2022-04-19 14:38:29,589 : Recieved: Ready
2022-04-19 14:38:34,682 : Sent: Sync
2022-04-19 14:38:34,713 : Recieved: Ready
2022-04-19 14:38:39,824 : Sent: Sync
2022-04-19 14:38:39,996 : Recieved: Ready
2022-04-19 14:38:44,910 : Sent: Sync
2022-04-19 14:38:45,016 : Recieved: Ready
2022-04-19 14:38:49,981 : Sent: Sync
2022-04-19 14:38:50,199 : Recieved: Ready
2022-04-19 14:38:55,066 : Sent: Sync
2022-04-19 14:38:55,120 : Recieved: Ready
2022-04-19 14:39:00,182 : Sent: Sync
2022-04-19 14:39:00,312 : Recieved: Ready
2022-04-19 14:39:05,272 : Sent: Sync
2022-04-19 14:39:05,298 : Recieved: Ready
2022-04-19 14:39:10,318 : Sent: Sync
2022-04-19 14:39:10,378 : Recieved: Ready
2022-04-19 14:39:15,453 : Sent: Sync
2022-04-19 14:39:15,460 : Recieved: Ready
2022-04-19 14:39:20,561 : Sent: Sync
2022-04-19 14:39:20,660 : Recieved: Ready
2022-04-19 14:39:25,765 : Sent: Sync
2022-04-19 14:39:25,850 : Recieved: Ready
2022-04-19 14:39:30,842 : Sent: Sync
2022-04-19 14:39:30,893 : Recieved: Ready
2022-04-19 14:39:35,969 : Sent: Sync
2022-04-19 14:39:36,023 : Recieved: Ready
2022-04-19 14:39:41,103 : Sent: Sync
2022-04-19 14:39:41,167 : Recieved: Ready
2022-04-19 14:39:46,255 : Sent: Sync
2022-04-19 14:39:46,378 : Recieved: Ready
2022-04-19 14:39:51,287 : Sent: Sync
2022-04-19 14:39:51,381 : Recieved: Ready
2022-04-19 14:39:56,352 : Sent: Sync
2022-04-19 14:39:56,511 : Recieved: Ready
2022-04-19 14:40:01,445 : Sent: Sync
2022-04-19 14:40:01,465 : Recieved: Ready
2022-04-19 14:40:06,500 : Sent: Sync
2022-04-19 14:40:06,601 : Recieved: Ready
2022-04-19 14:40:11,614 : Sent: Sync
2022-04-19 14:40:11,637 : Recieved: Ready
2022-04-19 14:40:16,815 : Sent: Sync
2022-04-19 14:40:16,876 : Recieved: Ready
2022-04-19 14:40:22,004 : Sent: Sync
2022-04-19 14:40:22,113 : Recieved: Ready
2022-04-19 14:40:27,121 : Sent: Sync
2022-04-19 14:40:27,198 : Recieved: Ready
2022-04-19 14:40:32,359 : Sent: Sync
2022-04-19 14:40:32,431 : Recieved: Ready
2022-04-19 14:40:37,522 : Sent: Sync
2022-04-19 14:40:37,640 : Recieved: Ready
2022-04-19 14:40:42,578 : Sent: Sync
2022-04-19 14:40:42,591 : Recieved: Ready
2022-04-19 14:40:47,735 : Sent: Sync
2022-04-19 14:40:47,748 : Recieved: Ready
2022-04-19 14:40:52,849 : Sent: Sync
2022-04-19 14:40:52,895 : Recieved: Ready
2022-04-19 14:40:57,987 : Sent: Sync
2022-04-19 14:40:58,039 : Recieved: Ready
2022-04-19 14:41:03,255 : Sent: Sync
2022-04-19 14:41:03,346 : Recieved: Ready
2022-04-19 14:41:08,396 : Sent: Sync
2022-04-19 14:41:08,446 : Recieved: Ready
2022-04-19 14:41:13,536 : Sent: Sync
2022-04-19 14:41:13,650 : Recieved: Ready
2022-04-19 14:41:18,663 : Sent: Sync
2022-04-19 14:41:18,774 : Recieved: Ready
2022-04-19 14:41:23,707 : Sent: Sync
2022-04-19 14:41:23,753 : Recieved: Ready
2022-04-19 14:41:28,858 : Sent: Sync
2022-04-19 14:41:29,065 : Recieved: Ready
2022-04-19 14:41:33,876 : Sent: Sync
2022-04-19 14:41:33,931 : Recieved: Ready
2022-04-19 14:41:38,932 : Sent: Sync
2022-04-19 14:41:39,016 : Recieved: Ready
2022-04-19 14:41:43,981 : Sent: Sync
2022-04-19 14:41:44,052 : Recieved: Ready
2022-04-19 14:41:49,115 : Sent: Sync
2022-04-19 14:41:49,219 : Recieved: Ready
2022-04-19 14:41:54,185 : Sent: Sync
2022-04-19 14:41:54,202 : Recieved: Ready
2022-04-19 14:41:59,296 : Sent: Sync
2022-04-19 14:41:59,447 : Recieved: Ready
2022-04-19 14:42:04,317 : Sent: Sync
2022-04-19 14:42:04,342 : Recieved: Ready
2022-04-19 14:42:09,410 : Sent: Sync
2022-04-19 14:42:09,473 : Recieved: Ready
2022-04-19 14:42:14,575 : Sent: Sync
2022-04-19 14:42:14,660 : Recieved: Ready
2022-04-19 14:42:19,711 : Sent: Sync
2022-04-19 14:42:19,823 : Recieved: Ready
2022-04-19 14:42:24,847 : Sent: Sync
2022-04-19 14:42:24,978 : Recieved: Ready
2022-04-19 14:42:29,901 : Sent: Sync
2022-04-19 14:42:29,937 : Recieved: Ready
2022-04-19 14:42:35,060 : Sent: Sync
2022-04-19 14:42:35,193 : Recieved: Ready
2022-04-19 14:42:40,201 : Sent: Sync
2022-04-19 14:42:40,364 : Recieved: Ready
2022-04-19 14:42:45,313 : Sent: Sync
2022-04-19 14:42:45,314 : Recieved: Ready
2022-04-19 14:42:50,604 : Sent: Sync
2022-04-19 14:42:50,726 : Recieved: Ready
2022-04-19 14:42:55,784 : Sent: Sync
2022-04-19 14:42:55,855 : Recieved: Ready
2022-04-19 14:43:00,893 : Sent: Sync
2022-04-19 14:43:01,041 : Recieved: Ready
2022-04-19 14:43:06,000 : Sent: Sync
2022-04-19 14:43:06,022 : Recieved: Ready
2022-04-19 14:43:11,126 : Sent: Sync
2022-04-19 14:43:11,264 : Recieved: Ready
2022-04-19 14:43:16,267 : Sent: Sync
2022-04-19 14:43:16,393 : Recieved: Ready
2022-04-19 14:43:21,378 : Sent: Sync
2022-04-19 14:43:21,474 : Recieved: Ready
2022-04-19 14:43:26,518 : Sent: Sync
2022-04-19 14:43:26,661 : Recieved: Ready
2022-04-19 14:43:31,720 : Sent: Sync
2022-04-19 14:43:31,788 : Recieved: Ready
2022-04-19 14:43:36,887 : Sent: Sync
2022-04-19 14:43:36,997 : Recieved: Ready
2022-04-19 14:43:42,041 : Sent: Sync
2022-04-19 14:43:42,124 : Recieved: Ready
2022-04-19 14:43:47,092 : Sent: Sync
2022-04-19 14:43:47,195 : Recieved: Ready
2022-04-19 14:43:52,185 : Sent: Sync
2022-04-19 14:43:52,294 : Recieved: Ready
2022-04-19 14:43:57,469 : Sent: Sync
2022-04-19 14:43:57,541 : Recieved: Ready
2022-04-19 14:44:02,619 : Sent: Sync
2022-04-19 14:44:02,813 : Recieved: Ready
2022-04-19 14:44:07,727 : Sent: Sync
2022-04-19 14:44:07,822 : Recieved: Ready
2022-04-19 14:44:12,860 : Sent: Sync
2022-04-19 14:44:12,984 : Recieved: Ready
2022-04-19 14:44:18,028 : Sent: Sync
2022-04-19 14:44:18,028 : Recieved: Ready
2022-04-19 14:44:23,251 : Sent: Sync
2022-04-19 14:44:23,296 : Recieved: Ready
2022-04-19 14:44:28,362 : Sent: Sync
2022-04-19 14:44:28,471 : Recieved: Ready
2022-04-19 14:44:33,479 : Sent: Sync
2022-04-19 14:44:33,532 : Recieved: Ready
2022-04-19 14:44:38,649 : Sent: Sync
2022-04-19 14:44:38,700 : Recieved: Ready
2022-04-19 14:44:43,748 : Sent: Sync
2022-04-19 14:44:43,883 : Recieved: Ready
2022-04-19 14:44:48,853 : Sent: Sync
2022-04-19 14:44:48,903 : Recieved: Ready
2022-04-19 14:44:54,019 : Sent: Sync
2022-04-19 14:44:54,122 : Recieved: Ready
2022-04-19 14:44:59,097 : Sent: Sync
2022-04-19 14:44:59,137 : Recieved: Ready
2022-04-19 14:45:04,238 : Sent: Sync
2022-04-19 14:45:04,436 : Recieved: Ready
2022-04-19 14:45:09,337 : Sent: Sync
2022-04-19 14:45:09,371 : Recieved: Ready
2022-04-19 14:45:14,430 : Sent: Sync
2022-04-19 14:45:14,488 : Recieved: Ready
2022-04-19 14:45:19,549 : Sent: Sync
2022-04-19 14:45:19,576 : Recieved: Ready
2022-04-19 14:45:24,733 : Sent: Sync
2022-04-19 14:45:24,794 : Recieved: Ready
2022-04-19 14:45:29,827 : Sent: Sync
2022-04-19 14:45:29,846 : Recieved: Ready
2022-04-19 14:45:34,959 : Sent: Sync
2022-04-19 14:45:35,003 : Recieved: Ready
2022-04-19 14:45:40,187 : Sent: Sync
2022-04-19 14:45:40,275 : Recieved: Ready
2022-04-19 14:45:45,378 : Sent: Sync
2022-04-19 14:45:45,467 : Recieved: Ready
2022-04-19 14:45:50,491 : Sent: Sync
2022-04-19 14:45:50,497 : Recieved: Ready
2022-04-19 14:45:55,652 : Sent: Sync
2022-04-19 14:45:55,720 : Recieved: Ready
2022-04-19 14:46:00,738 : Sent: Sync
2022-04-19 14:46:00,771 : Recieved: Ready
2022-04-19 14:46:05,781 : Sent: Sync
2022-04-19 14:46:05,820 : Recieved: Ready
2022-04-19 14:46:10,905 : Sent: Sync
2022-04-19 14:46:10,963 : Recieved: Ready
2022-04-19 14:46:16,108 : Sent: Sync
2022-04-19 14:46:16,178 : Recieved: Ready
2022-04-19 14:46:21,264 : Sent: Sync
2022-04-19 14:46:21,292 : Recieved: Ready
2022-04-19 14:46:26,343 : Sent: Sync
2022-04-19 14:46:26,480 : Recieved: Ready
2022-04-19 14:46:31,558 : Sent: Sync
2022-04-19 14:46:31,624 : Recieved: Ready
2022-04-19 14:46:36,679 : Sent: Sync
2022-04-19 14:46:36,693 : Recieved: Ready
2022-04-19 14:46:41,795 : Sent: Sync
2022-04-19 14:46:41,847 : Recieved: Ready
2022-04-19 14:46:46,870 : Sent: Sync
2022-04-19 14:46:46,954 : Recieved: Ready
2022-04-19 14:46:52,032 : Sent: Sync
2022-04-19 14:46:52,044 : Recieved: Ready
2022-04-19 14:46:57,223 : Sent: Sync
2022-04-19 14:46:57,284 : Recieved: Ready
2022-04-19 14:47:02,292 : Sent: Sync
2022-04-19 14:47:02,367 : Recieved: Ready
2022-04-19 14:47:07,353 : Sent: Sync
2022-04-19 14:47:07,397 : Recieved: Ready
2022-04-19 14:47:12,564 : Sent: Sync
2022-04-19 14:47:12,743 : Recieved: Ready
2022-04-19 14:47:17,703 : Sent: Sync
2022-04-19 14:47:17,722 : Recieved: Ready
2022-04-19 14:47:22,733 : Sent: Sync
2022-04-19 14:47:22,794 : Recieved: Ready
2022-04-19 14:47:27,788 : Sent: Sync
2022-04-19 14:47:27,858 : Recieved: Ready
2022-04-19 14:47:32,982 : Sent: Sync
2022-04-19 14:47:33,023 : Recieved: Ready
2022-04-19 14:47:34,284 : Sent: E16767.520380404196
2022-04-19 14:47:38,031 : Sent: Sync
2022-04-19 14:47:38,115 : Recieved: Ready
2022-04-19 14:47:41,485 : Sent: S1.0
2022-04-19 14:47:41,545 : Sent: 14529.36881186259
2022-04-19 14:47:41,566 : Moving: -8.388642955560464 inches...
2022-04-19 14:47:41,600 : Recieved: Moving
2022-04-19 14:47:41,663 : Recieved: 16694.52
2022-04-19 14:47:41,752 : Recieved: 16596.52
2022-04-19 14:47:41,897 : Recieved: 16595.52
2022-04-19 14:47:42,045 : Recieved: 16498.52
2022-04-19 14:47:42,107 : Recieved: 16398.52
2022-04-19 14:47:42,241 : Recieved: 16298.52
2022-04-19 14:47:42,398 : Recieved: 16199.52
2022-04-19 14:47:42,761 : Recieved: 16100.52
2022-04-19 14:47:43,462 : Recieved: 16099.52
2022-04-19 14:47:43,693 : Recieved: 16001.52
2022-04-19 14:47:43,923 : Recieved: 15900.52
2022-04-19 14:47:44,394 : Recieved: 15800.52
2022-04-19 14:47:45,380 : Recieved: 15701.52
2022-04-19 14:47:45,642 : Recieved: 15700.52
2022-04-19 14:47:46,203 : Recieved: 15601.52
2022-04-19 14:47:46,437 : Recieved: 15501.52
2022-04-19 14:47:46,724 : Recieved: 15402.52
2022-04-19 14:47:46,821 : Recieved: 15401.52
2022-04-19 14:47:47,021 : Recieved: 15301.52
2022-04-19 14:47:47,120 : Recieved: 15300.52
2022-04-19 14:47:47,331 : Recieved: 15201.52
2022-04-19 14:47:47,697 : Recieved: 15102.52
2022-04-19 14:47:47,874 : Recieved: 15001.52
2022-04-19 14:47:48,045 : Recieved: 14901.52
2022-04-19 14:47:48,250 : Recieved: 14900.52
2022-04-19 14:47:48,378 : Recieved: 14802.52
2022-04-19 14:47:48,521 : Recieved: 14701.52
2022-04-19 14:47:48,551 : Recieved: 14693.52
2022-04-19 14:47:48,583 : Recieved: Close
2022-04-19 14:47:48,601 : Recieved: 14428.52
2022-04-19 14:47:48,869 : Recieved: Ready
2022-04-19 14:47:49,157 : Sent: Sync
2022-04-19 14:47:49,256 : Recieved: Ready
2022-04-19 14:47:51,113 : Sent: S1.0
2022-04-19 14:47:51,307 : Sent: 16658.455180883808
2022-04-19 14:47:51,339 : Moving: 8.357847747847764 inches...
2022-04-19 14:47:51,423 : Recieved: Moving
2022-04-19 14:47:51,448 : Recieved: 14442.52
2022-04-19 14:47:51,594 : Recieved: 14532.52
2022-04-19 14:47:51,663 : Recieved: 14533.52
2022-04-19 14:47:51,778 : Recieved: 14629.52
2022-04-19 14:47:51,916 : Recieved: 14727.52
2022-04-19 14:47:52,142 : Recieved: 14823.52
2022-04-19 14:47:52,291 : Recieved: 14921.52
2022-04-19 14:47:52,470 : Recieved: 15018.52
2022-04-19 14:47:52,635 : Recieved: 15116.52
2022-04-19 14:47:52,836 : Recieved: 15213.52
2022-04-19 14:47:52,998 : Recieved: 15310.52
2022-04-19 14:47:53,279 : Recieved: 15408.52
2022-04-19 14:47:53,503 : Recieved: 15506.52
2022-04-19 14:47:53,606 : Recieved: 15603.52
2022-04-19 14:47:53,676 : Recieved: 15701.52
2022-04-19 14:47:53,776 : Recieved: 15799.52
2022-04-19 14:47:53,855 : Recieved: 15800.52
2022-04-19 14:47:53,913 : Recieved: 15896.52
2022-04-19 14:47:54,014 : Recieved: 15897.52
2022-04-19 14:47:54,045 : Recieved: 15994.52
2022-04-19 14:47:54,110 : Recieved: 16092.52
2022-04-19 14:47:54,325 : Recieved: 16093.52
2022-04-19 14:47:54,487 : Recieved: 16189.52
2022-04-19 14:47:54,646 : Recieved: 16287.52
2022-04-19 14:47:54,947 : Recieved: 16385.52
2022-04-19 14:47:55,053 : Recieved: 16482.52
2022-04-19 14:47:55,261 : Recieved: 16493.52
2022-04-19 14:47:55,438 : Recieved: Close
2022-04-19 14:47:55,470 : Recieved: 16779.52
2022-04-19 14:47:55,647 : Recieved: Ready
2022-04-19 14:47:55,833 : Sent: Sync
2022-04-19 14:47:55,907 : Recieved: Ready
2022-04-19 14:48:01,008 : Sent: Sync
2022-04-19 14:48:01,141 : Recieved: Ready
2022-04-19 14:48:06,064 : Sent: Sync
2022-04-19 14:48:06,179 : Recieved: Ready
2022-04-19 14:48:11,126 : Sent: Sync
2022-04-19 14:48:11,257 : Recieved: Ready
2022-04-19 14:48:16,245 : Sent: Sync
2022-04-19 14:48:16,326 : Recieved: Ready
2022-04-19 14:48:21,359 : Sent: Sync
2022-04-19 14:48:21,419 : Recieved: Ready
2022-04-19 14:48:26,469 : Sent: Sync
2022-04-19 14:48:26,531 : Recieved: Ready
2022-04-19 14:48:31,576 : Sent: Sync
2022-04-19 14:48:31,713 : Recieved: Ready
2022-04-19 14:48:36,675 : Sent: Sync
2022-04-19 14:48:36,797 : Recieved: Ready
2022-04-19 14:48:41,761 : Sent: Sync
2022-04-19 14:48:41,819 : Recieved: Ready
2022-04-19 14:48:46,892 : Sent: Sync
2022-04-19 14:48:46,925 : Recieved: Ready
2022-04-19 14:48:52,032 : Sent: Sync
2022-04-19 14:48:52,118 : Recieved: Ready
2022-04-19 14:48:57,078 : Sent: Sync
2022-04-19 14:48:57,164 : Recieved: Ready
2022-04-19 14:49:02,262 : Sent: Sync
2022-04-19 14:49:02,348 : Recieved: Ready
2022-04-19 14:49:07,358 : Sent: Sync
2022-04-19 14:49:07,461 : Recieved: Ready
2022-04-19 14:49:12,465 : Sent: Sync
2022-04-19 14:49:12,527 : Recieved: Ready
2022-04-19 14:49:17,549 : Sent: Sync
2022-04-19 14:49:17,587 : Recieved: Ready
2022-04-19 14:49:22,667 : Sent: Sync
2022-04-19 14:49:22,720 : Recieved: Ready
2022-04-19 14:49:27,815 : Sent: Sync
2022-04-19 14:49:27,924 : Recieved: Ready
2022-04-19 14:49:32,914 : Sent: Sync
2022-04-19 14:49:32,992 : Recieved: Ready
2022-04-19 14:49:38,054 : Sent: Sync
2022-04-19 14:49:38,087 : Recieved: Ready
2022-04-19 14:49:43,283 : Sent: Sync
2022-04-19 14:49:43,392 : Recieved: Ready
2022-04-19 14:49:48,555 : Sent: Sync
2022-04-19 14:49:48,576 : Recieved: Ready
2022-04-19 14:49:53,698 : Sent: Sync
2022-04-19 14:49:53,757 : Recieved: Ready
2022-04-19 14:49:58,776 : Sent: Sync
2022-04-19 14:49:58,796 : Recieved: Ready
2022-04-19 14:50:03,839 : Sent: Sync
2022-04-19 14:50:03,847 : Recieved: Ready
2022-04-19 14:50:08,973 : Sent: Sync
2022-04-19 14:50:09,058 : Recieved: Ready
2022-04-19 14:50:14,052 : Sent: Sync
2022-04-19 14:50:14,093 : Recieved: Ready
2022-04-19 14:50:19,314 : Sent: Sync
2022-04-19 14:50:19,351 : Recieved: Ready
2022-04-19 14:50:21,881 : Sent: S1.0
2022-04-19 14:50:22,176 : Sent: 14526.42379065535
2022-04-19 14:50:22,234 : Recieved: Moving
2022-04-19 14:50:22,234 : Moving: -8.444655809005205 inches...
2022-04-19 14:50:22,275 : Recieved: 16779.52
2022-04-19 14:50:22,388 : Recieved: 16779.52
2022-04-19 14:50:22,520 : Recieved: 16700.52
2022-04-19 14:50:22,650 : Recieved: 16607.52
2022-04-19 14:50:22,763 : Recieved: 16607.52
2022-04-19 14:50:22,950 : Recieved: 16516.52
2022-04-19 14:50:23,242 : Recieved: 16423.52
2022-04-19 14:50:23,627 : Recieved: 16329.52
2022-04-19 14:50:23,831 : Recieved: 16328.52
2022-04-19 14:50:24,032 : Recieved: 16236.52
2022-04-19 14:50:24,170 : Recieved: 16142.52
2022-04-19 14:50:24,328 : Recieved: 16050.52
2022-04-19 14:50:24,503 : Recieved: 15958.52
2022-04-19 14:50:24,741 : Recieved: 15865.52
2022-04-19 14:50:25,033 : Recieved: 15771.52
2022-04-19 14:50:25,164 : Recieved: 15770.52
2022-04-19 14:50:25,351 : Recieved: 15679.52
2022-04-19 14:50:25,565 : Recieved: 15678.52
2022-04-19 14:50:25,720 : Recieved: 15586.52
2022-04-19 14:50:25,949 : Recieved: 15493.52
2022-04-19 14:50:26,111 : Recieved: 15402.52
2022-04-19 14:50:26,220 : Recieved: 15309.52
2022-04-19 14:50:26,410 : Recieved: 15217.52
2022-04-19 14:50:26,498 : Recieved: 15125.52
2022-04-19 14:50:26,743 : Recieved: 15032.52
2022-04-19 14:50:26,850 : Recieved: 15031.52
2022-04-19 14:50:27,030 : Recieved: 14939.52
2022-04-19 14:50:27,146 : Recieved: 14939.52
2022-04-19 14:50:27,245 : Recieved: 14848.52
2022-04-19 14:50:27,359 : Recieved: 14756.52
2022-04-19 14:50:27,381 : Recieved: 14755.52
2022-04-19 14:50:27,439 : Recieved: 14690.52
2022-04-19 14:50:27,553 : Recieved: Close
2022-04-19 14:50:27,569 : Recieved: 14566.52
2022-04-19 14:50:27,649 : Recieved: Ready
2022-04-19 14:50:27,804 : Sent: Sync
2022-04-19 14:50:27,959 : Recieved: Ready
2022-04-19 14:50:32,925 : Sent: Sync
2022-04-19 14:50:33,004 : Recieved: Ready
2022-04-19 14:50:38,022 : Sent: Sync
2022-04-19 14:50:38,105 : Recieved: Ready
2022-04-19 14:50:43,195 : Sent: Sync
2022-04-19 14:50:43,290 : Recieved: Ready
2022-04-19 14:50:48,420 : Sent: Sync
2022-04-19 14:50:48,427 : Recieved: Ready
2022-04-19 14:50:53,547 : Sent: S1.0
2022-04-19 14:50:53,601 : Sent: Sync
2022-04-19 14:50:53,676 : Sent: 12707.554341825857
2022-04-19 14:50:53,689 : Moving: -6.967445544017664 inches...
2022-04-19 14:50:53,718 : Recieved: Ready
2022-04-19 14:50:53,744 : Recieved: Moving
2022-04-19 14:50:53,759 : Recieved: 14538.52
2022-04-19 14:50:53,887 : Recieved: 14448.52
2022-04-19 14:50:53,957 : Recieved: 14447.52
2022-04-19 14:50:54,092 : Recieved: 14357.52
2022-04-19 14:50:54,172 : Recieved: 14264.52
2022-04-19 14:50:54,274 : Recieved: 14172.52
2022-04-19 14:50:54,442 : Recieved: 14081.52
2022-04-19 14:50:54,668 : Recieved: 13989.52
2022-04-19 14:50:54,819 : Recieved: 13900.52
2022-04-19 14:50:55,085 : Recieved: 13808.52
2022-04-19 14:50:55,286 : Recieved: 13807.52
2022-04-19 14:50:55,504 : Recieved: 13716.52
2022-04-19 14:50:55,657 : Recieved: 13715.52
2022-04-19 14:50:55,951 : Recieved: 13625.52
2022-04-19 14:50:56,049 : Recieved: 13535.52
2022-04-19 14:50:56,300 : Recieved: 13534.52
2022-04-19 14:50:56,495 : Recieved: 13444.52
2022-04-19 14:50:56,628 : Recieved: 13443.52
2022-04-19 14:50:56,836 : Recieved: 13353.52
2022-04-19 14:50:56,961 : Recieved: 13262.52
2022-04-19 14:50:57,007 : Recieved: 13171.52
2022-04-19 14:50:57,155 : Recieved: 13170.52
2022-04-19 14:50:57,349 : Recieved: 13081.52
2022-04-19 14:50:57,416 : Recieved: 12991.52
2022-04-19 14:50:57,534 : Recieved: 12901.52
2022-04-19 14:50:57,694 : Recieved: 12900.52
2022-04-19 14:50:57,863 : Recieved: 12872.52
2022-04-19 14:50:57,971 : Recieved: Close
2022-04-19 14:50:58,003 : Recieved: 12763.52
2022-04-19 14:50:58,151 : Recieved: Ready
2022-04-19 14:50:58,755 : Sent: Sync
2022-04-19 14:50:58,853 : Recieved: Ready
2022-04-19 14:51:03,808 : Sent: Sync
2022-04-19 14:51:03,865 : Recieved: Ready
2022-04-19 14:51:08,877 : Sent: Sync
2022-04-19 14:51:08,963 : Recieved: Ready
2022-04-19 14:51:13,953 : Sent: Sync
2022-04-19 14:51:14,019 : Recieved: Ready
2022-04-19 14:51:19,154 : Sent: Sync
2022-04-19 14:51:19,205 : Recieved: Ready
2022-04-19 14:51:24,279 : Sent: Sync
2022-04-19 14:51:24,365 : Recieved: Ready
2022-04-19 14:51:29,438 : Sent: Sync
2022-04-19 14:51:29,544 : Recieved: Ready
2022-04-19 14:51:34,575 : Sent: Sync
2022-04-19 14:51:34,626 : Recieved: Ready
2022-04-19 14:51:39,727 : Sent: Sync
2022-04-19 14:51:39,826 : Recieved: Ready
2022-04-19 14:51:44,940 : Sent: Sync
2022-04-19 14:51:45,042 : Recieved: Ready
2022-04-19 14:51:50,022 : Sent: Sync
2022-04-19 14:51:50,134 : Recieved: Ready
2022-04-19 14:51:55,132 : Sent: Sync
2022-04-19 14:51:55,177 : Recieved: Ready
2022-04-19 14:52:00,353 : Sent: Sync
2022-04-19 14:52:00,359 : Recieved: Ready
2022-04-19 14:52:05,462 : Sent: Sync
2022-04-19 14:52:05,528 : Recieved: Ready
2022-04-19 14:52:10,679 : Sent: Sync
2022-04-19 14:52:10,757 : Recieved: Ready
2022-04-19 14:52:13,989 : Sent: E12583.863212996985
2022-04-19 14:52:15,790 : Sent: Sync
2022-04-19 14:52:15,880 : Recieved: Ready
2022-04-19 14:52:20,963 : Sent: Sync
2022-04-19 14:52:21,121 : Recieved: Ready
2022-04-19 14:52:26,068 : Sent: Sync
2022-04-19 14:52:26,116 : Recieved: Ready
2022-04-19 14:52:31,175 : Sent: Sync
2022-04-19 14:52:31,284 : Recieved: Ready
2022-04-19 14:52:36,202 : Sent: Sync
2022-04-19 14:52:36,229 : Recieved: Ready
2022-04-19 14:52:41,324 : Sent: Sync
2022-04-19 14:52:41,399 : Recieved: Ready
2022-04-19 14:52:46,490 : Sent: Sync
2022-04-19 14:52:46,567 : Recieved: Ready
2022-04-19 14:52:51,534 : Sent: Sync
2022-04-19 14:52:51,605 : Recieved: Ready
2022-04-19 14:52:55,628 : Sent: S1.0
2022-04-19 14:52:55,662 : Sent: 11446.3150335326
2022-04-19 14:52:55,681 : Moving: -4.263556434872044 inches...
2022-04-19 14:52:55,740 : Recieved: Moving
2022-04-19 14:53:03,146 : Sent: S1.0
2022-04-19 14:53:03,181 : [WinError 10053] An established connection was aborted by the software in your host machine
Traceback (most recent call last):
  File "G:\My Drive\School\21-22\ENGR498\AutoMic\python-server\libs\automic.py", line 145, in recieve
    messages = self.socket.recv(2048)
ConnectionAbortedError: [WinError 10053] An established connection was aborted by the software in your host machine
2022-04-19 14:53:03,270 : [WinError 10053] An established connection was aborted by the software in your host machine
Traceback (most recent call last):
  File "G:\My Drive\School\21-22\ENGR498\AutoMic\python-server\libs\automic.py", line 177, in send
    self.socket.send(bytes(f"{message}\n", "ascii"))
ConnectionAbortedError: [WinError 10053] An established connection was aborted by the software in your host machine
2022-04-19 14:53:03,300 : Reconnecting!
2022-04-19 14:53:08,624 : Did not recieve!
Traceback (most recent call last):
  File "G:\My Drive\School\21-22\ENGR498\AutoMic\python-server\libs\automic.py", line 177, in send
    self.socket.send(bytes(f"{message}\n", "ascii"))
ConnectionAbortedError: [WinError 10053] An established connection was aborted by the software in your host machine

During handling of the above exception, another exception occurred:

Traceback (most recent call last):
  File "G:\My Drive\School\21-22\ENGR498\AutoMic\python-server\libs\automic.py", line 85, in connect
    raise Exception("Did not recieve!")
Exception: Did not recieve!
2022-04-19 14:53:19,724 : Failed setup! (1 attempt(s))
